// Jest Snapshot v1, https://goo.gl/fbAQLP

exports[`InputForm component renders App 1`] = `
<form
  onSubmit={[Function]}
>
  <input
    onChange={[Function]}
    type="text"
    value="PeepTheMoon"
  />
  <button>
    Submit
  </button>
</form>
`;
